34p%7
pppppppppppppppppppppppppppppppppppp
pppppppppppppppppppppppppppppppppppp
pppppppp%%pppppppppppppppppppppppppp
pppppppppppppppppppppppppppppppppppp
pppppppppppppppppppppppppppppppppppp
pppppppppppppppppppppppppppppppppppp
pppppppppppppppppppppppppppppppppppp
ppp%pppppppp%ppppppppppppppppppppppp
pppppppppppppppppppppppppppppppppppp
pppppppppppppppppppppppppppppppppppp
pppppppppppppppppppppppppppppppppppp
pppppppppppppppppppppppppppppppppppp
pppppppppppppppppppppp%ppppppppppppp
pppppppppppppppppppppppppppppppppppp
pppppppppppppppppppppppppppppppppppp
ppp%pppppppppppppppppppppppp%ppppppp
pppppppppppppppppppppp%ppppppppppppp
pppppppp%pppppppppp%pppppppppp%ppppp
pppppppppp%ppppppppppppppppppppppppp
pppppppppppppppppppppppppppppppppppp
pppppppppppppppppppppppppp%ppppppppp
pppppppppppppp%ppppppppppppppppppppp
pppppppppppppppppppppppppppppppppppp
pppppppppppppppppppppppppppppppppppp
%pppppppppppppppp%pppppppppppppppppp
pppppppppppppppppppppppp%ppppppppppp
pppppp%pppppppp%pppppppppppp%ppppppp
pppppppppppppppppppppppppppppppppppp
ppppppppppppppppppppppp%ppppppp%pppp
pppppppppppppppppppppppppppppppppppp
p%pppppppppppppppppppppppppppppppppp
pppppppppppppppppppppppppppppp%ppppp
pppppppppppppppppppppppppppppppppppp
pppppppppppppppppppppppppppppppppppp
