31/z.
////////////////////////////////////
////////////////////////////////////
////////zz//////////////////////////
////////////////////////////////////
////////////////////////////////////
////////////////////////////////////
////////////////////////////////////
///z////////z///////////////////////
////////////////////////////////////
////////////////////////////////////
////////////////////////////////////
////////////////////////////////////
//////////////////////z/////////////
////////////////////////////////////
////////////////////////////////////
///z////////////////////////z///////
//////////////////////z/////////////
////////z//////////z//////////z/////
//////////z/////////////////////////
////////////////////////////////////
//////////////////////////z/////////
//////////////z/////////////////////
////////////////////////////////////
////////////////////////////////////
z////////////////z//////////////////
////////////////////////z///////////
//////z////////z////////////z///////
////////////////////////////////////
///////////////////////z///////z////
////////////////////////////////////
/z//////////////////////////////////
