36r_q
rrrrrrrrrrrrrrrrrrrrrrrrrrrrrr
rrrrrrrrrrrrrrrrrrrrrrrrrrrrrr
rrrrrrrrrrrrrrrrrrrrrr_rrrrrrr
rrrrrrrr_rrrrrrrrrrrrrrrrrrrr_
rrrrrrrrrrrrrrrrrrrrrrrrr_rrrr
rrrrrrrrrrrrrrrrrrrrrrrrrrrrrr
rrrrrrrrrrrrrrrrrrrrrrrrrrrrrr
rrrrrrrrr_rrrrrrrrrrrrr_rrrrrr
rrrrrrrrrrrrrrrrrrrrrrrrrrrrrr
rrrrrrrrrrrrrrrrrrrrr_rrrrrrrr
rrrrrrrrrrrrrrrrrrrrrrrrrrrrrr
rrrrrrr__rrrrrrrrrrrrrrrrrrrrr
rrrrrrrrrrrrrrrrrrrrrrrrrrrrrr
rrrrrrrr_rrrrrrrrrrrrrrrrrrrrr
rrrrrrrrrrrrrrrrrrrrrrrrrrrrrr
rrrrrrrrrr_rrrrrrrrrrrrrrrrrrr
rrrrrr_rrrrrr_rrrrrrrrrrrrrrrr
rrrrrrrrrrrrrrrrrrr_rrrrrrrrrr
rrrrrrrrrrrr_rrrrrrrrrrrrrrrrr
rrrrrrrrrrrrrrrrrrrrrrrrrrrrrr
rrrrrrrrrrrrrrrrrrrrrrrrrrrrrr
rrrrrrrrr_rrrrrrrrrrrrrrrrrrrr
rrrrrrrrrrrrrrrrrrrrrrrrrrrrrr
rrrrrrrrrrrrrrrrrrrrrrrrrrrrrr
rrrrrrrrrrrrrrrrrrrrrr_rrrrrrr
rrrrrrrrrrrrrrrrrrrrrrrrrrrrrr
rrrrrr_rrrrrrrrrrrrrrrrrrrrrrr
rrrrrrrrrrrrrrrrrrrrrrrrrrrrrr
rrrrrrrrrrrrrrrrrrrrrrrrrrrrrr
rrrrrrrrrrrrrrrrrrrrrrrrrrrrrr
rrrrrrrrrr_rrrrrrrrrrrrrrrrrrr
rrrrrrrr_rrrrrrrrrrrrrrrrrrrrr
rrrrrr_rr_rr_rrrrrrrrrrrrrrrrr
rr_rrrrrrrrrrrrrrrrrrrrrrrrrrr
rrrrrrrrrrrrrrrrrrrrrr_rrrrrrr
r_rrrrrrrrrrr_rrrrrrrrrrrrrrrr
