35n#6
nnnnnnnnnnnnnnnnnnnnnnnnnnnnnnn
nnnnnnnnnnnnnnnnnnnnnnnnnnnnnnn
nnnnnnnnnnnnnnnnnnnn#nnnnnnnnnn
nnnnn#nnnnnnnnnnnnnnnnnnnn#nnnn
nnnnnnnnnnnnnnnnnnnnn#nnnnnnnnn
nnnnnnnnnnnnnnnnnnnnnnnnnnnnnnn
nnnnnnnnnnnnnnnnnnnnnnnnnnnnnnn
nn#nnnnnnnnnnnnn#nnnnnnnnnnnnnn
nnnnnnnnnnnnnnnnnnnnnnnnnnnnnnn
nnnnnnnnnnnn#nnnnnnnnnnnnnnnnnn
nnnnnnnnnnnnnnnnnnnnnnnnnnn##nn
nnnnnnnnnnnnnnnnnnnnnnnnnnnnnnn
nnnnnnnnnnnnnnnnnnnnnnnnnn#nnnn
nnnnnnnnnnnnnnnnnnnnnnnnnnnnnnn
nnnnnnnnnnnnnnnnnnnnnnnnnn#nnnn
nnnnnnnnnnnnnnnnnnnnn#nnnnnn#nn
nnnnnnnnnnnnnnnnnnnnnnnnnnnnnnn
nn#nnnnnnnnnnnnnnnnnnnnnn#nnnnn
nnnnnnnnnnnnnnnnnnnnnnnnnnnnnnn
nnnnnnnnnnnnnnnnnnnnnnnnnnnnnnn
nnnnnnnnnnnnnnnnnnn#nnnnnnnnnnn
nnnnnnnnnnnnnnnnnnnnnnnnnnnnnnn
nnnnnnnnnnnnnnnnnnnnnnnnnnnnnnn
nnnnnnnnnnnnnnnnnnnnnnnnnnnnn#n
nnnnnnnnnnnnnnnnnnnnnnnnnnnnnnn
nnnnnnnnnnn#nnnnnnnnnnnnnnnnnnn
nnnnnnnnnnnnnnnnnnnnnnnnnnnnnnn
nnnnnnnnnnnnnnnnnnnnnnnnnnnnnnn
nnnnnnnnnnnnnnnnnnnnnnnnnnnnnnn
nnnnnnnnnnn#nnnnnnnnnnnnnnnnnnn
nnnnnnnn#nnnnnnnnnnnnnnnnnnnnnn
nnnnn#nn#nn#nnnnnnnnnnnnnnnnnnn
#nnnnnnnnnnnnnnnnnnnnnnnnnnnnnn
nnnnnnnnnnnnnnnnnnn#nnnnnnnn#nn
nnnnnnnnn#nnnnnnnnnnnnnnnnnnnnn
