35cOb
ccccccccccccccccccccccccOccccccc
cccccccccccccccccccccccccccccccc
ccccccccccccccccccccOccccccccccc
ccccccccccccccccOccccccccccccccc
cccccccccccccccccccccccccccccccc
cccccccccccccccccccccccccccccccc
cccccccccccccccccccccccccccccccc
cccccccccccccccccccccccccccccccc
cccccccccccccccccccccccccccccccc
cccccccccccccccccccccccccccccccc
cccccccccccccccccccccccccccccccc
cccccccccccccccccccccccccccccccc
cccccccccccccccccccccccccccccccc
cccccccccccccccccccccccccccccccc
cccccccccccccccccccccccccccccccc
cccccOcccccccccccccccccccccccccc
cccccccccccccccccccccccccccccccc
cccccccccccccccccccccccccccccccc
ccccccccccccccOccccccccccccccccc
cccccccccccOcccccccccccccccccccc
ccccccccccccccccccccccccOccccccc
cccccccccccccccccccccccccccccccc
cccccccccccccccccccccccccccccccc
cccccccccccccccccccccccccccccccc
cccccccccccccccccccccccccccccccc
cccccccccccccccccccccccccccccccc
cccccOcccccccccccccccccccccccccc
cccccccccccccccccccccccccccccccc
cccccccccccccccccccccccccccccccc
ccccccccccccccccOccccccccccccccc
cccccccccccccccccccccccccccccccc
ccccccccOccccccccccccccccccccccc
ccccccccccccccccccccccccOccccccc
cccOcccccccccccccccccccccccccccc
cccccccccccccccccccccccccccccccc
