33{hz
{{{{{{{{{{{{{{{{{{{{{{{{{{{{{{
{{{{{{{{{{{{{{{{{{{{{{{{{{{{{{
{{{{{{{{{{{{{{{{{{{{{{h{{{{{{{
{{{{{{{{h{{{{{{{{{{{{{{{{{{{{h
{{{{{{{{{{{{{{{{{{{{{{{{{h{{{{
{{{{{{{{{{{{{{{{{{{{{{{{{{{{{{
{{{{{{{{{{{{{{{{{{{{{{{{{{{{{{
{{{{{{{{{h{{{{{{{{{{{{{h{{{{{{
{{{{{{{{{{{{{{{{{{{{{{{{{{{{{{
{{{{{{{{{{{{{{{{{{{{{h{{{{{{{{
{{{{{{{{{{{{{{{{{{{{{{{{{{{{{{
{{{{{{{hh{{{{{{{{{{{{{{{{{{{{{
{{{{{{{{{{{{{{{{{{{{{{{{{{{{{{
{{{{{{{{h{{{{{{{{{{{{{{{{{{{{{
{{{{{{{{{{{{{{{{{{{{{{{{{{{{{{
{{{{{{{{{{h{{{{{{{{{{{{{{{{{{{
{{{{{{h{{{{{{h{{{{{{{{{{{{{{{{
{{{{{{{{{{{{{{{{{{{h{{{{{{{{{{
{{{{{{{{{{{{h{{{{{{{{{{{{{{{{{
{{{{{{{{{{{{{{{{{{{{{{{{{{{{{{
{{{{{{{{{{{{{{{{{{{{{{{{{{{{{{
{{{{{{{{{h{{{{{{{{{{{{{{{{{{{{
{{{{{{{{{{{{{{{{{{{{{{{{{{{{{{
{{{{{{{{{{{{{{{{{{{{{{{{{{{{{{
{{{{{{{{{{{{{{{{{{{{{{h{{{{{{{
{{{{{{{{{{{{{{{{{{{{{{{{{{{{{{
{{{{{{h{{{{{{{{{{{{{{{{{{{{{{{
{{{{{{{{{{{{{{{{{{{{{{{{{{{{{{
{{{{{{{{{{{{{{{{{{{{{{{{{{{{{{
{{{{{{{{{{{{{{{{{{{{{{{{{{{{{{
{{{{{{{{{{h{{{{{{{{{{{{{{{{{{{
{{{{{{{{h{{{{{{{{{{{{{{{{{{{{{
{{{{{{h{{h{{h{{{{{{{{{{{{{{{{{
