35o$7
oooooooooooooooooooooooo$oooooooo
ooooooooooooooooooooooooooooooooo
oooooooooooooooooo$oooooooooooooo
ooooooooooooo$ooooooooooooooooooo
ooooooooooooooooooooooooooooooooo
ooooooooooooooooooooooooooooooooo
ooooooooooooooooooooooooooooooooo
ooooooooooooooooooooooooooooooooo
ooooooooooooooooooooooooooooooooo
ooooooooooooooooooooooooooooooooo
ooooooooooooooooooooooooooooooooo
ooooooooooooooooooooooooooooooooo
ooooooooooooooooooooooooooooooooo
ooooooooooooooooooooooooooooooooo
ooooooooooooooooooooooo$ooooooooo
ooooooooooooooooooooooooooooooooo
ooooooooooooooooooooooooooooooooo
ooooooooooooooooooooooooooooo$ooo
ooooooooooooooooooooooooo$ooooooo
ooooooooooooooooooooooooooooooooo
oooo$oooooooooooooooooooooooooooo
ooooooooooooooooooooooooooooooooo
ooooooooooooooooooooooooooooooooo
ooooooooooooooooooooooooooooooooo
ooooooooooooooooooooooooooooooooo
oooooooooooo$oooooooooooooooooooo
ooooooooooooooooooooooooooooooooo
ooooooooooooooooooooooooooooooooo
oooooooooooooooooooo$oooooooooooo
ooooooooooooooooooooooooooooooooo
oooooooooo$oooooooooooooooooooooo
ooooooooooooooooooooooooo$ooooooo
ooo$ooooooooooooooooooooooooooooo
oooooooooooooooooooooooooooooooo$
oooooooooooooooooooooo$oooooooooo
