30_r'
_________________________________
_________________________________
________________r_______________r
____________________r____________
_____________r___________________
_________________________________
_____________________r___________
__r______________________________
___________________________r_____
_________________________________
_______rr________________________
_________________________________
__r______________________________
_______________________________r_
________________________r______r_
_________________________________
_r______________________r________
_________________________________
_________________________________
____________r____________________
_________________________________
_________________________________
________________r________________
___________________________r_____
_________________________________
_________________________________
_________________________________
___________________r_____________
______________r__________________
_________r__r__r_________________
