35dw,
ddddddddddddddddddddddddwddddd
dddddddddddddddddddddddddddddd
ddddddddddddddddddddddddwddddd
ddddddddddddddddddddddwddddddd
dddddddddddddddddddddddddddddd
dddddddddddddddddddddddddddddd
dddddddddddddddddddddddddddddd
dddddddddddddddddddddddddddddd
dddddddddddddddddddddddddddddd
dddddddddddddddddddddddddddddd
dddddddddddddddddddddddddddddd
dddddddddddddddddddddddddddddd
dddddddddddddddddddddddddddddd
dddddddddddddddddddddddddddddd
dddddddddddddddddddddddddddddd
dddddddddddddddddddddddddddddd
dddddwdddddddddddddddddddddddd
dddddddddddddddddddddddddddddd
dddddddddddddddddddddddddddddd
ddddddddddddddddddddwddddddddd
dddddddddddddddddddwdddddddddd
dddddddddddddddddddddddddddddd
ddddwddddddddddddddddddddddddd
dddddddddddddddddddddddddddddd
dddddddddddddddddddddddddddddd
dddddddddddddddddddddddddddddd
dddddddddddddddddddddddddddddd
dddddddddddddddddddddddddddwdd
dddddddddddddddddddddddddddddd
dddddddddddddddddddddddddddddd
dddddddddddddddddddddddddddddd
ddddddddddddddwddddddddddddddd
dddddddddddddddddddddddddddddd
ddddddddddwddddddddddddddddddd
ddddddddddddddddddddddddddddwd
