38M_L
MMMMMMMMMMMMMMMMMMMMMMMMMMMMMM
MMMMMMMMMMMMMMMMMMMMMMMMMMMMMM
MMMMMMMMMMMMMMMMMMMMMM_MMMMMMM
MMMMMMMM_MMMMMMMMMMMMMMMMMMMM_
MMMMMMMMMMMMMMMMMMMMMMMMM_MMMM
MMMMMMMMMMMMMMMMMMMMMMMMMMMMMM
MMMMMMMMMMMMMMMMMMMMMMMMMMMMMM
MMMMMMMMM_MMMMMMMMMMMMM_MMMMMM
MMMMMMMMMMMMMMMMMMMMMMMMMMMMMM
MMMMMMMMMMMMMMMMMMMMM_MMMMMMMM
MMMMMMMMMMMMMMMMMMMMMMMMMMMMMM
MMMMMMM__MMMMMMMMMMMMMMMMMMMMM
MMMMMMMMMMMMMMMMMMMMMMMMMMMMMM
MMMMMMMM_MMMMMMMMMMMMMMMMMMMMM
MMMMMMMMMMMMMMMMMMMMMMMMMMMMMM
MMMMMMMMMM_MMMMMMMMMMMMMMMMMMM
MMMMMM_MMMMMM_MMMMMMMMMMMMMMMM
MMMMMMMMMMMMMMMMMMM_MMMMMMMMMM
MMMMMMMMMMMM_MMMMMMMMMMMMMMMMM
MMMMMMMMMMMMMMMMMMMMMMMMMMMMMM
MMMMMMMMMMMMMMMMMMMMMMMMMMMMMM
MMMMMMMMM_MMMMMMMMMMMMMMMMMMMM
MMMMMMMMMMMMMMMMMMMMMMMMMMMMMM
MMMMMMMMMMMMMMMMMMMMMMMMMMMMMM
MMMMMMMMMMMMMMMMMMMMMM_MMMMMMM
MMMMMMMMMMMMMMMMMMMMMMMMMMMMMM
MMMMMM_MMMMMMMMMMMMMMMMMMMMMMM
MMMMMMMMMMMMMMMMMMMMMMMMMMMMMM
MMMMMMMMMMMMMMMMMMMMMMMMMMMMMM
MMMMMMMMMMMMMMMMMMMMMMMMMMMMMM
MMMMMMMMMM_MMMMMMMMMMMMMMMMMMM
MMMMMMMM_MMMMMMMMMMMMMMMMMMMMM
MMMMMM_MM_MM_MMMMMMMMMMMMMMMMM
MM_MMMMMMMMMMMMMMMMMMMMMMMMMMM
MMMMMMMMMMMMMMMMMMMMMM_MMMMMMM
M_MMMMMMMMMMM_MMMMMMMMMMMMMMMM
MMMMMMMMMMMMMMMMMMMMMMMMMMMMMM
MMMMMM_MMMMMMMMMMMMMMMMM_MMMMM
