30Yl7
YYYYYYYYYYYYYYYYYYYYYYYYYYYYYYYYYYYY
YYYYYYYYYYYYYYYYYYYYYYYYYYYYYYYYYYYY
YYYYYYYYllYYYYYYYYYYYYYYYYYYYYYYYYYY
YYYYYYYYYYYYYYYYYYYYYYYYYYYYYYYYYYYY
YYYYYYYYYYYYYYYYYYYYYYYYYYYYYYYYYYYY
YYYYYYYYYYYYYYYYYYYYYYYYYYYYYYYYYYYY
YYYYYYYYYYYYYYYYYYYYYYYYYYYYYYYYYYYY
YYYlYYYYYYYYlYYYYYYYYYYYYYYYYYYYYYYY
YYYYYYYYYYYYYYYYYYYYYYYYYYYYYYYYYYYY
YYYYYYYYYYYYYYYYYYYYYYYYYYYYYYYYYYYY
YYYYYYYYYYYYYYYYYYYYYYYYYYYYYYYYYYYY
YYYYYYYYYYYYYYYYYYYYYYYYYYYYYYYYYYYY
YYYYYYYYYYYYYYYYYYYYYYlYYYYYYYYYYYYY
YYYYYYYYYYYYYYYYYYYYYYYYYYYYYYYYYYYY
YYYYYYYYYYYYYYYYYYYYYYYYYYYYYYYYYYYY
YYYlYYYYYYYYYYYYYYYYYYYYYYYYlYYYYYYY
YYYYYYYYYYYYYYYYYYYYYYlYYYYYYYYYYYYY
YYYYYYYYlYYYYYYYYYYlYYYYYYYYYYlYYYYY
YYYYYYYYYYlYYYYYYYYYYYYYYYYYYYYYYYYY
YYYYYYYYYYYYYYYYYYYYYYYYYYYYYYYYYYYY
YYYYYYYYYYYYYYYYYYYYYYYYYYlYYYYYYYYY
YYYYYYYYYYYYYYlYYYYYYYYYYYYYYYYYYYYY
YYYYYYYYYYYYYYYYYYYYYYYYYYYYYYYYYYYY
YYYYYYYYYYYYYYYYYYYYYYYYYYYYYYYYYYYY
lYYYYYYYYYYYYYYYYlYYYYYYYYYYYYYYYYYY
YYYYYYYYYYYYYYYYYYYYYYYYlYYYYYYYYYYY
YYYYYYlYYYYYYYYlYYYYYYYYYYYYlYYYYYYY
YYYYYYYYYYYYYYYYYYYYYYYYYYYYYYYYYYYY
YYYYYYYYYYYYYYYYYYYYYYYlYYYYYYYlYYYY
YYYYYYYYYYYYYYYYYYYYYYYYYYYYYYYYYYYY
