36G4F
GGGGGGGGGGGGGGGGGGGGGGGGGGGGGGGGGG
GGGGGGGGGGGGGGGGGGGGGGGGGGGGGGGGGG
GGGGGGGGGGGGGG4GGGGGGGGGGGGGGG4GGG
GGGGGGGGGGGGGGGGG4GGGGGGGGGGGGGGGG
GGGGGGGGG4GGGGGGGGGGGGGGGGGGGGGGGG
GGGGGGGGGGGGGGGGGGGGGGGGGGGGGGGGGG
GGGGGGGGGGGGGGG4GGGGGGGGGGGGG4GGGG
GGGGGGGGGGGGGGGGGGGGGGGGGGGGGGGGGG
GGGGGGGGGGGGGGGGGGG4GGGGGGGGGGGGGG
GGGGGGGGGGGGGGGGGGGGGGGGGGGGGGG44G
GGGGGGGGGGGGGGGGGGGGGGGGGGGGGGGGGG
GGGGGGGGGGGGGGGGGGGGGGGG4GGGGGGGGG
GGGGGGGGGGGGGGGGGGGGGGGGGGGGGGGGGG
GGGGGGGGGGGGGGGGGG4GGGGGGGGGGGGGGG
GGGGGGGGGG4GGGGGG4GGGGGGGGGGGGGGGG
GGGGGGGGGGGGGGGGGGG4GGGGGGGGGGGGGG
GGGGGGGG4GGGGGGGGGGGGGGGGGGGGGGGGG
GGGGGGGGGGGGGGGGGGGGGGGGGGGGGGGGGG
GGGGGGGGGGGGGGGGGGGGGGGGGGG4GGGGGG
GGGGGGGGGGGGGGGGGGGGGGGGGGGGGGGGGG
GGGGGGGGGGGGGGGGGGGGGGGGGGGGGGGGGG
GGGGGGGGGGGGGGGGGGGGGGGGGGGG4GGGGG
GGGGGGGGGGGGGGGGGGGGGGGGGGGGGGGGGG
GGGG4GGGGGGGGGGGGGGGGGGGGGGGGGGGGG
GGGGGGGGGGGGGGGGGGGGGGGGGGGGGGGGGG
GGGGGGGGGGGGGGGGGGGGGGGGGGGGGGGGGG
GGGGGGGGGGGGGGGGGGGGGGGGGG4GGGGGGG
GGGGGGGGGGGGGGGGGGGG4GGGGGGGGGGGGG
GGGGGGGGGGGGGG4GG4GG4GGGGGGGGGGGGG
GGGGGG4GGGGGGGGGGGGGGGGGGGGGGGGGGG
GGGGGGGGGGGGGGGGGGGGGG4GGGGGGGG4GG
GGGGGGGGG4GGGGGGGGGGGGGGGGGGGGGGGG
GGGGGGGGGGGGGGGGGGGGGGGGGGGG4GGGGG
GGGGGGGGGGGG4GGGGGGGGGGGGGGGGGGGGG
GGGGGGGGGGGGGGGGGGGGGGGGGGGGGGGGGG
GGGGGGGGGGGGGGGGGGGGGGGGGGGGGGGGGG
