33p%7
pppppppppppppppppppppppp%ppppppppppppp
pppppppppppppppppppppppppppppppppppppp
pppppppp%ppppppppppppppppppppppppppp%p
pppppppppppppppppppppppppppppppppppppp
pppppppppppppppppppppppppppppppppppppp
pppppppppppppppppppppppppppppppppppppp
pppppppppppppppppppppppppppppppppppppp
pppppppppppppppppppppppppppppppppppppp
pppppppppppppppppppppppppppppppppppppp
pppppppppppppppppppppppppppppppppppppp
pppppppppppppppppppppppppppppppppppppp
pppppppppppppppppppppppppppppppppppppp
ppppppppppppppppppppppppppppp%pppppppp
pppppppppppppppppppppppppppppppppppppp
pppppppppppppppppppppppppppppppppppppp
pppppppppppppppppppp%ppppppppppppppppp
ppppppppppp%pppppppppppppppppppppppppp
pppppppppppppppppp%ppppppppppppppppppp
pppppppppppppppppppppppppppppppppppppp
pppppppppppppppppppppppppppppppppppppp
pppppppppppppppppppppppppppppppppppppp
pppppppppppppppppppppppppppppppppppppp
p%pppppppppppppppppppppppppppppppppppp
pppppppppppppppppppppppppppppppppppppp
pppppppppppppppppppppppppppppppp%ppppp
pppppppppppppppppppppppppppppppppppppp
pppppppppppp%ppppppppppppppppppppppppp
pppppppppppppppppppppp%pppppppppp%pppp
pppppppppppppppppppppppppppppppppppppp
ppppppppppppppppppp%pppppppppppppppppp
pppp%ppppppppppppppppppp%ppppppppppppp
pppppppppppppppppppppppppppppppppppppp
pppppppppppppppppppppppppppppppppp%ppp
