36fRe
fffffffffffffffffffffffffffffff
fffffffffffffffffffffffffffffff
ffffffffffffffffffRRfffffffffff
fffffffffffffffffffffffffffffff
fffffffffffffffffffffffffffffff
fffffffffffffffffffffffffffffff
fffffffffffffffffffffffffffffff
fffffffffffffffffffffffffffffff
fffffffRffffffffRffffffffffffff
fffffffffffffffffffffffffffffff
fffffffffffffffffffffffffffffff
fffffffffffffffffffffffffffffff
fffffffffffffffffffffffffffffff
fffffffffffffffffffffffffffffff
ffffffffffffffffffffRffffffffff
fffffffffffffffffffffffffffffff
fffffffffffffffffffffffffffffff
ffffffffffffffffRffffffffffffff
ffffffffffRffffffffffffffffffff
fffffffffRfffffffffffffffffffff
RffffffffffRffffffffffRffffffff
fffffffRfffffffffffffffffffffff
fffffffffffffffffffffffffffffff
fffffffffffffffffffffffffffffff
ffRfffffffffffffffffffffffRffff
fffffffffffffffffffffffffffffff
fffffffffffffffffffffffffffffff
fffffffffffffffffffffffffffRfff
fffffffffffffRfffffffffffffffff
fffffffffffffffffffffffffRfffff
ffffffffffffRffffffffRfffffffff
fffRfffffffffffffffffffffffffff
fffffffffffffffffffffffffffffff
ffffffffRfffffffRffffffffffffff
fffffffffffffffffffffffffffRfff
fffffffffffffffffffffffffffffff
