33o$7
oooooooooooooooooooooooo$ooooo
oooooooooooooooooooooooooooooo
oooooooooooooooooooooooo$ooooo
oooooooooooooooooooooo$ooooooo
oooooooooooooooooooooooooooooo
oooooooooooooooooooooooooooooo
oooooooooooooooooooooooooooooo
oooooooooooooooooooooooooooooo
oooooooooooooooooooooooooooooo
oooooooooooooooooooooooooooooo
oooooooooooooooooooooooooooooo
oooooooooooooooooooooooooooooo
oooooooooooooooooooooooooooooo
oooooooooooooooooooooooooooooo
oooooooooooooooooooooooooooooo
oooooooooooooooooooooooooooooo
ooooo$oooooooooooooooooooooooo
oooooooooooooooooooooooooooooo
oooooooooooooooooooooooooooooo
oooooooooooooooooooo$ooooooooo
ooooooooooooooooooo$oooooooooo
oooooooooooooooooooooooooooooo
oooo$ooooooooooooooooooooooooo
oooooooooooooooooooooooooooooo
oooooooooooooooooooooooooooooo
oooooooooooooooooooooooooooooo
oooooooooooooooooooooooooooooo
ooooooooooooooooooooooooooo$oo
oooooooooooooooooooooooooooooo
oooooooooooooooooooooooooooooo
oooooooooooooooooooooooooooooo
oooooooooooooo$ooooooooooooooo
oooooooooooooooooooooooooooooo
