34o$7
oooooooooooooooooooooooooooooooooooo
oooooooooooooooooooooooooooooooooooo
oooooooo$$oooooooooooooooooooooooooo
oooooooooooooooooooooooooooooooooooo
oooooooooooooooooooooooooooooooooooo
oooooooooooooooooooooooooooooooooooo
oooooooooooooooooooooooooooooooooooo
ooo$oooooooo$ooooooooooooooooooooooo
oooooooooooooooooooooooooooooooooooo
oooooooooooooooooooooooooooooooooooo
oooooooooooooooooooooooooooooooooooo
oooooooooooooooooooooooooooooooooooo
oooooooooooooooooooooo$ooooooooooooo
oooooooooooooooooooooooooooooooooooo
oooooooooooooooooooooooooooooooooooo
ooo$oooooooooooooooooooooooo$ooooooo
oooooooooooooooooooooo$ooooooooooooo
oooooooo$oooooooooo$oooooooooo$ooooo
oooooooooo$ooooooooooooooooooooooooo
oooooooooooooooooooooooooooooooooooo
oooooooooooooooooooooooooo$ooooooooo
oooooooooooooo$ooooooooooooooooooooo
oooooooooooooooooooooooooooooooooooo
oooooooooooooooooooooooooooooooooooo
$oooooooooooooooo$oooooooooooooooooo
oooooooooooooooooooooooo$ooooooooooo
oooooo$oooooooo$oooooooooooo$ooooooo
oooooooooooooooooooooooooooooooooooo
ooooooooooooooooooooooo$ooooooo$oooo
oooooooooooooooooooooooooooooooooooo
o$oooooooooooooooooooooooooooooooooo
oooooooooooooooooooooooooooooo$ooooo
oooooooooooooooooooooooooooooooooooo
oooooooooooooooooooooooooooooooooooo
