36gz/
ggggggggggggggggggggggggggggggggg
ggggggggggggggggggggggggggggggggg
ggggggggggggggzzggggggggggggggggg
ggggggggggggggggggggggggggggggggg
ggggggggggggggggggggggggggggggggg
ggggggggggggggggggggggggggggggggg
ggggggggggggggggggggggggggggggggg
ggggggggggggggggggggggggzgggggggg
zgggggggggggggggggggggggggggggggg
ggggggggggggggggggggggggggggggggg
ggggggggggggggggggggggggggggggggg
ggggggggggggggggggggggggggggggggg
ggggggggggggggggggggggggggggggggg
gggggggggggggggggggggggggzggggggg
ggggggggggggggggggggggggggggggggg
ggggggggggggggggggggggggggggggggg
gggggggggggggggzggggggggggggggggg
gggggggzggggggggggggggggggggggggg
ggggzgggggggggggggggggggggzgggggg
ggggzggggggggggzgggggggggggggggzg
ggggggggggggggggggggggggggggggggg
ggggggggggggggggggggggggggggggggg
ggggggggggggggggggggzgggggggggggg
gggggggggggzggggggggggggggggggggg
ggggggggggggggggggggggggggggggggg
ggggggggggggggggggggggggggggggggg
ggggggzggggggggggggggggzggggggggg
ggggggggggggggggggggggggggggggggg
zgggggggggggggggggzggggggggzggggg
gggggggzggggggggggggggggggggggggg
ggggggggggggggggggggggggggggggggg
ggggggggzgggggggzgggggggggggggggg
gggggggggggggggggggggggggzggggggg
ggggggggggggggggggggggggggggggggg
ggggggggggggggggggggggggzgggggggg
ggggggggggggggggggggggggggggggggg
