35"4G
""""""""""""""""""""""""4"""""""""""
""""""""""""""""""""""""""""""""""""
""""""""""""4"""""""""""""""""""""""
""""4"""""""""""""""""""""""""""""""
""""""""""""""""""""""""""""""""""""
""""""""""""""""""""""""""""""""""""
""""""""""""""""""""""""""""""""""""
""""""""""""""""""""""""""""""""""""
""""""""""""""""""""""""""""""""""""
""""""""""""""""""""""""""""""""""""
""""""""""""""""""""""""""""""""""""
""""""""""""""""""""""""""""""""""""
""""""""""""""""""""""""""""""""""""
"""""""""""""""""4""""""""""""""""""
""""""""""""""""""""""""""""""""""""
""""""""""""""""""""""""""""""""""""
""""""""""""""4"""""""""""""""""""""
"""""""4""""""""""""""""""""""""""""
""""""""""""""""4"""""""""""""""""""
""""""""""""""""""""""""""""""""""""
""""""""""""""""""""""""""""""""""""
""""""""""""""""""""""""""""""""""""
""""""""""""""""""""""""""""""""""""
"""""""""4""""""""""""""""""""""""""
""""""""""""""""""""""""""""""""""""
""""""""""""""""""""""""""""""""""""
""""""""4"""""""""""""""""""""""""""
""""""""""""""""""""""""""""4"""""""
""""""""""""""""""""""""""""""""""""
""""4""""""""""4""""""""""""""""""""
""""""""""""""""""""""""""""""""""""
"""""4""""""""""""""""""""""4"""""""
""""""""""""4"""""""""""""""""""""""
""""""""""""""""""""""""""""""""""""
""""""""""""""""""""""""""4"""""4"""
