35_L^
___________________________________
___________________________________
__________LL_______________________
___________________________________
___________________________________
___________________________________
___________________________________
__________L________L_______________
___________________________________
___________________________________
___________________________________
___________________________________
__________________________________L
___________________________________
___________________________________
__________________L________________
________L__________________________
___L_____________________L_________
_L__________L_______________L______
___________________________________
___________________________________
___________L_______________________
L__________________________________
___________________________________
________________________L__________
______L____________________________
______________L_________________L__
______L____________L_______________
___________________________________
________________L_______L__________
_______________________________L___
___________________________________
__________________________L________
___________________________________
___________________________________
