30s'r
ssssssssssssssssssssssssssssssssss
ssssssssssssssssssssssssssssssssss
ssssssssssssss'sssssssssssssss'sss
sssssssssssssssss'ssssssssssssssss
sssssssss'ssssssssssssssssssssssss
ssssssssssssssssssssssssssssssssss
sssssssssssssss'sssssssssssss'ssss
ssssssssssssssssssssssssssssssssss
sssssssssssssssssss'ssssssssssssss
sssssssssssssssssssssssssssssss''s
ssssssssssssssssssssssssssssssssss
ssssssssssssssssssssssss'sssssssss
ssssssssssssssssssssssssssssssssss
ssssssssssssssssss'sssssssssssssss
ssssssssss'ssssss'ssssssssssssssss
sssssssssssssssssss'ssssssssssssss
ssssssss'sssssssssssssssssssssssss
ssssssssssssssssssssssssssssssssss
sssssssssssssssssssssssssss'ssssss
ssssssssssssssssssssssssssssssssss
ssssssssssssssssssssssssssssssssss
ssssssssssssssssssssssssssss'sssss
ssssssssssssssssssssssssssssssssss
ssss'sssssssssssssssssssssssssssss
ssssssssssssssssssssssssssssssssss
ssssssssssssssssssssssssssssssssss
ssssssssssssssssssssssssss'sssssss
ssssssssssssssssssss'sssssssssssss
ssssssssssssss'ss'ss'sssssssssssss
ssssss'sssssssssssssssssssssssssss
