35hUg
hhhhhhhhhhhhhhhhhhhhhhhhhhhhhhh
hhhhhhhhhhhhhhhhhhhhhhhhhhhhhhh
hhhhhhhhhhhhhhhhhhUUhhhhhhhhhhh
hhhhhhhhhhhhhhhhhhhhhhhhhhhhhhh
hhhhhhhhhhhhhhhhhhhhhhhhhhhhhhh
hhhhhhhhhhhhhhhhhhhhhhhhhhhhhhh
hhhhhhhhhhhhhhhhhhhhhhhhhhhhhhh
hhhhhhhhhhhhhhhhhhhhhhhhhhhhhhh
hhhhhhhUhhhhhhhhUhhhhhhhhhhhhhh
hhhhhhhhhhhhhhhhhhhhhhhhhhhhhhh
hhhhhhhhhhhhhhhhhhhhhhhhhhhhhhh
hhhhhhhhhhhhhhhhhhhhhhhhhhhhhhh
hhhhhhhhhhhhhhhhhhhhhhhhhhhhhhh
hhhhhhhhhhhhhhhhhhhhhhhhhhhhhhh
hhhhhhhhhhhhhhhhhhhhUhhhhhhhhhh
hhhhhhhhhhhhhhhhhhhhhhhhhhhhhhh
hhhhhhhhhhhhhhhhhhhhhhhhhhhhhhh
hhhhhhhhhhhhhhhhUhhhhhhhhhhhhhh
hhhhhhhhhhUhhhhhhhhhhhhhhhhhhhh
hhhhhhhhhUhhhhhhhhhhhhhhhhhhhhh
UhhhhhhhhhhUhhhhhhhhhhUhhhhhhhh
hhhhhhhUhhhhhhhhhhhhhhhhhhhhhhh
hhhhhhhhhhhhhhhhhhhhhhhhhhhhhhh
hhhhhhhhhhhhhhhhhhhhhhhhhhhhhhh
hhUhhhhhhhhhhhhhhhhhhhhhhhUhhhh
hhhhhhhhhhhhhhhhhhhhhhhhhhhhhhh
hhhhhhhhhhhhhhhhhhhhhhhhhhhhhhh
hhhhhhhhhhhhhhhhhhhhhhhhhhhUhhh
hhhhhhhhhhhhhUhhhhhhhhhhhhhhhhh
hhhhhhhhhhhhhhhhhhhhhhhhhUhhhhh
hhhhhhhhhhhhUhhhhhhhhUhhhhhhhhh
hhhUhhhhhhhhhhhhhhhhhhhhhhhhhhh
hhhhhhhhhhhhhhhhhhhhhhhhhhhhhhh
hhhhhhhhUhhhhhhhUhhhhhhhhhhhhhh
hhhhhhhhhhhhhhhhhhhhhhhhhhhUhhh
