34`r_
````````````````````````````````
````````````````````````````````
````````````````rr``````````````
````````````````````````````````
````````````````````````````````
````````````````````````````````
````````````````````````````````
```````````````````````````````r
````````r```````````````````````
````````````````````````````````
````````````````````````````````
````````````````````````````````
````````````````````````````````
````````````````````````````````
``````r`````````````````````````
````````````````````````````````
```````````````````````````````r
````````````````````````r```````
``````````````````````r`````````
````````````r``````````r````````
``r```````````````r`````````````
````````````````````````````````
````````````````````````````````
``````````r`````````````````````
``r`````````````````````````````
````````````````````````````````
````````````````````````````````
r````````````````r``````````````
````````````````````````````r```
``````````````r````````r````````
````r```````````````````````````
````````````````````````````````
```````r```````r````````````````
`````````````````````````r``````
