36RdQ
RRRRRRRRRRRRRRRRRRRRRRRRRRRRRRRRR
RRRRRRRRRRRRRRRRRRRRRRRRRRRRRRRRR
RRRRRRRRRRRRRRddRRRRRRRRRRRRRRRRR
RRRRRRRRRRRRRRRRRRRRRRRRRRRRRRRRR
RRRRRRRRRRRRRRRRRRRRRRRRRRRRRRRRR
RRRRRRRRRRRRRRRRRRRRRRRRRRRRRRRRR
RRRRRRRRRRRRRRRRRRRRRRRRRRRRRRRRR
RRRRRRRRRRRRRRRRRRRRRRRRdRRRRRRRR
dRRRRRRRRRRRRRRRRRRRRRRRRRRRRRRRR
RRRRRRRRRRRRRRRRRRRRRRRRRRRRRRRRR
RRRRRRRRRRRRRRRRRRRRRRRRRRRRRRRRR
RRRRRRRRRRRRRRRRRRRRRRRRRRRRRRRRR
RRRRRRRRRRRRRRRRRRRRRRRRRRRRRRRRR
RRRRRRRRRRRRRRRRRRRRRRRRRdRRRRRRR
RRRRRRRRRRRRRRRRRRRRRRRRRRRRRRRRR
RRRRRRRRRRRRRRRRRRRRRRRRRRRRRRRRR
RRRRRRRRRRRRRRRdRRRRRRRRRRRRRRRRR
RRRRRRRdRRRRRRRRRRRRRRRRRRRRRRRRR
RRRRdRRRRRRRRRRRRRRRRRRRRRdRRRRRR
RRRRdRRRRRRRRRRdRRRRRRRRRRRRRRRdR
RRRRRRRRRRRRRRRRRRRRRRRRRRRRRRRRR
RRRRRRRRRRRRRRRRRRRRRRRRRRRRRRRRR
RRRRRRRRRRRRRRRRRRRRdRRRRRRRRRRRR
RRRRRRRRRRRdRRRRRRRRRRRRRRRRRRRRR
RRRRRRRRRRRRRRRRRRRRRRRRRRRRRRRRR
RRRRRRRRRRRRRRRRRRRRRRRRRRRRRRRRR
RRRRRRdRRRRRRRRRRRRRRRRdRRRRRRRRR
RRRRRRRRRRRRRRRRRRRRRRRRRRRRRRRRR
dRRRRRRRRRRRRRRRRRdRRRRRRRRdRRRRR
RRRRRRRdRRRRRRRRRRRRRRRRRRRRRRRRR
RRRRRRRRRRRRRRRRRRRRRRRRRRRRRRRRR
RRRRRRRRdRRRRRRRdRRRRRRRRRRRRRRRR
RRRRRRRRRRRRRRRRRRRRRRRRRdRRRRRRR
RRRRRRRRRRRRRRRRRRRRRRRRRRRRRRRRR
RRRRRRRRRRRRRRRRRRRRRRRRdRRRRRRRR
RRRRRRRRRRRRRRRRRRRRRRRRRRRRRRRRR
