31ewd
eeeeeeeeeeeeeeeeeeeeeeeeeeeeeeeeeeee
eeeeeeeeeeeeeeeeeeeeeeeeeeeeeeeeeeee
eeeeeeeewweeeeeeeeeeeeeeeeeeeeeeeeee
eeeeeeeeeeeeeeeeeeeeeeeeeeeeeeeeeeee
eeeeeeeeeeeeeeeeeeeeeeeeeeeeeeeeeeee
eeeeeeeeeeeeeeeeeeeeeeeeeeeeeeeeeeee
eeeeeeeeeeeeeeeeeeeeeeeeeeeeeeeeeeee
eeeweeeeeeeeweeeeeeeeeeeeeeeeeeeeeee
eeeeeeeeeeeeeeeeeeeeeeeeeeeeeeeeeeee
eeeeeeeeeeeeeeeeeeeeeeeeeeeeeeeeeeee
eeeeeeeeeeeeeeeeeeeeeeeeeeeeeeeeeeee
eeeeeeeeeeeeeeeeeeeeeeeeeeeeeeeeeeee
eeeeeeeeeeeeeeeeeeeeeeweeeeeeeeeeeee
eeeeeeeeeeeeeeeeeeeeeeeeeeeeeeeeeeee
eeeeeeeeeeeeeeeeeeeeeeeeeeeeeeeeeeee
eeeweeeeeeeeeeeeeeeeeeeeeeeeweeeeeee
eeeeeeeeeeeeeeeeeeeeeeweeeeeeeeeeeee
eeeeeeeeweeeeeeeeeeweeeeeeeeeeweeeee
eeeeeeeeeeweeeeeeeeeeeeeeeeeeeeeeeee
eeeeeeeeeeeeeeeeeeeeeeeeeeeeeeeeeeee
eeeeeeeeeeeeeeeeeeeeeeeeeeweeeeeeeee
eeeeeeeeeeeeeeweeeeeeeeeeeeeeeeeeeee
eeeeeeeeeeeeeeeeeeeeeeeeeeeeeeeeeeee
eeeeeeeeeeeeeeeeeeeeeeeeeeeeeeeeeeee
weeeeeeeeeeeeeeeeweeeeeeeeeeeeeeeeee
eeeeeeeeeeeeeeeeeeeeeeeeweeeeeeeeeee
eeeeeeweeeeeeeeweeeeeeeeeeeeweeeeeee
eeeeeeeeeeeeeeeeeeeeeeeeeeeeeeeeeeee
eeeeeeeeeeeeeeeeeeeeeeeweeeeeeeweeee
eeeeeeeeeeeeeeeeeeeeeeeeeeeeeeeeeeee
eweeeeeeeeeeeeeeeeeeeeeeeeeeeeeeeeee
