34PbO
PPPPPPPPPPPPPPPPPPPPPPPPPPPPPPPP
PPPPPPPPPPPPPPPPPPPPPPPPPPPPPPPP
PPPPPPPPPPPPPPPPbbPPPPPPPPPPPPPP
PPPPPPPPPPPPPPPPPPPPPPPPPPPPPPPP
PPPPPPPPPPPPPPPPPPPPPPPPPPPPPPPP
PPPPPPPPPPPPPPPPPPPPPPPPPPPPPPPP
PPPPPPPPPPPPPPPPPPPPPPPPPPPPPPPP
PPPPPPPPPPPPPPPPPPPPPPPPPPPPPPPb
PPPPPPPPbPPPPPPPPPPPPPPPPPPPPPPP
PPPPPPPPPPPPPPPPPPPPPPPPPPPPPPPP
PPPPPPPPPPPPPPPPPPPPPPPPPPPPPPPP
PPPPPPPPPPPPPPPPPPPPPPPPPPPPPPPP
PPPPPPPPPPPPPPPPPPPPPPPPPPPPPPPP
PPPPPPPPPPPPPPPPPPPPPPPPPPPPPPPP
PPPPPPbPPPPPPPPPPPPPPPPPPPPPPPPP
PPPPPPPPPPPPPPPPPPPPPPPPPPPPPPPP
PPPPPPPPPPPPPPPPPPPPPPPPPPPPPPPb
PPPPPPPPPPPPPPPPPPPPPPPPbPPPPPPP
PPPPPPPPPPPPPPPPPPPPPPbPPPPPPPPP
PPPPPPPPPPPPbPPPPPPPPPPbPPPPPPPP
PPbPPPPPPPPPPPPPPPbPPPPPPPPPPPPP
PPPPPPPPPPPPPPPPPPPPPPPPPPPPPPPP
PPPPPPPPPPPPPPPPPPPPPPPPPPPPPPPP
PPPPPPPPPPbPPPPPPPPPPPPPPPPPPPPP
PPbPPPPPPPPPPPPPPPPPPPPPPPPPPPPP
PPPPPPPPPPPPPPPPPPPPPPPPPPPPPPPP
PPPPPPPPPPPPPPPPPPPPPPPPPPPPPPPP
bPPPPPPPPPPPPPPPPbPPPPPPPPPPPPPP
PPPPPPPPPPPPPPPPPPPPPPPPPPPPbPPP
PPPPPPPPPPPPPPbPPPPPPPPbPPPPPPPP
PPPPbPPPPPPPPPPPPPPPPPPPPPPPPPPP
PPPPPPPPPPPPPPPPPPPPPPPPPPPPPPPP
PPPPPPPbPPPPPPPbPPPPPPPPPPPPPPPP
PPPPPPPPPPPPPPPPPPPPPPPPPbPPPPPP
