34s(r
sssssssssssssssssssssssssssssssssssss
sssssssssssssssssssssssssssssssssssss
ssssss((sssssssssssssssssssssssssssss
sssssssssssssssssssssssssssssssssssss
sssssssssssssssssssssssssssssssssssss
sssssssssssssssssssssssssssssssssssss
sssssssssssssssssssssssssssssssss(sss
sssss(sssssssssssssssssssssssssssssss
sssssssssssssssssssssssssssssssssssss
sssssssssssssssssssssssssssssssssssss
sssssssssssssssssssssssssssssssssssss
sssssssssssssssssssssssssssssssssssss
ssssssssss(ssssssssssssssssssssssssss
sssssssssssssssssssssssssssssssssssss
sssssssssssssssssssssssss(sssssssssss
sssssssssssss(sssssssssssssssssssssss
ssssss(sssssssssssssssssssss(ssssssss
ss(ssssssssss(sssssssssssssss(sssssss
sssssssssssssssssssssssssssssssssssss
sssssssssssssssssssssssssssssssssssss
ssssss(sssssssssssssssssssssss(ssssss
sssssssssssssssssssssssssssssssssssss
sssssssssssssssssssssssssssssssssssss
sssssssssssss(ssssssssssssssss(ssssss
ssssssssssssssssssssssssssssssssssss(
sssssssssssssssss(ssssssss(ssssssssss
ss(ssssssssssssssssssssssssssssssssss
ssssssssssssssssssssssssssssssss(ssss
sss(sssssssssssssssssssssssssssssssss
ssssssss(ssssssssssssssssssssssssssss
ssssssssssssssssssssssssssssssssssss(
sssssssssssssssssssssssssssssssssssss
sssssssssssssssssssssssssssssssssssss
sssssssssssssssssssssssssssssssssssss
