38u*=
uuuuuuuuuuuuuuuuuuuuuuuuuuuuuuuu
uuuuuuuuuuuuuuuuuuuuuuuuuuuuuuuu
uuuuuuuuuuuuuuuu**uuuuuuuuuuuuuu
uuuuuuuuuuuuuuuuuuuuuuuuuuuuuuuu
uuuuuuuuuuuuuuuuuuuuuuuuuuuuuuuu
uuuuuuuuuuuuuuuuuuuuuuuuuuuuuuuu
uuuuuuuuuuuuuuuuuuuuuuuuuuuuuuuu
uuuuuuuuuuuuuuuuuuuuuuuuuuuuuuu*
uuuuuuuu*uuuuuuuuuuuuuuuuuuuuuuu
uuuuuuuuuuuuuuuuuuuuuuuuuuuuuuuu
uuuuuuuuuuuuuuuuuuuuuuuuuuuuuuuu
uuuuuuuuuuuuuuuuuuuuuuuuuuuuuuuu
uuuuuuuuuuuuuuuuuuuuuuuuuuuuuuuu
uuuuuuuuuuuuuuuuuuuuuuuuuuuuuuuu
uuuuuu*uuuuuuuuuuuuuuuuuuuuuuuuu
uuuuuuuuuuuuuuuuuuuuuuuuuuuuuuuu
uuuuuuuuuuuuuuuuuuuuuuuuuuuuuuu*
uuuuuuuuuuuuuuuuuuuuuuuu*uuuuuuu
uuuuuuuuuuuuuuuuuuuuuu*uuuuuuuuu
uuuuuuuuuuuu*uuuuuuuuuu*uuuuuuuu
uu*uuuuuuuuuuuuuuu*uuuuuuuuuuuuu
uuuuuuuuuuuuuuuuuuuuuuuuuuuuuuuu
uuuuuuuuuuuuuuuuuuuuuuuuuuuuuuuu
uuuuuuuuuu*uuuuuuuuuuuuuuuuuuuuu
uu*uuuuuuuuuuuuuuuuuuuuuuuuuuuuu
uuuuuuuuuuuuuuuuuuuuuuuuuuuuuuuu
uuuuuuuuuuuuuuuuuuuuuuuuuuuuuuuu
*uuuuuuuuuuuuuuuu*uuuuuuuuuuuuuu
uuuuuuuuuuuuuuuuuuuuuuuuuuuu*uuu
uuuuuuuuuuuuuu*uuuuuuuu*uuuuuuuu
uuuu*uuuuuuuuuuuuuuuuuuuuuuuuuuu
uuuuuuuuuuuuuuuuuuuuuuuuuuuuuuuu
uuuuuuu*uuuuuuu*uuuuuuuuuuuuuuuu
uuuuuuuuuuuuuuuuuuuuuuuuu*uuuuuu
uuuuuuuuuuuuuuuuuuuuuuuuuuuuuuuu
uuuuuuuuuuuuuuuuuuuuuuuuuu*uuuuu
uuuuuuuuuuuuuuuuuuuuuuuuuuuuuuuu
uuuuuuuuuuuuuuuuuuuuuuuuuuuuuuuu
