32w,?
wwwwwwwwwwwwwwwwwwwwwwwwwwwwwwww
wwwwwwwwwwwwwwwwwwwwwwwwwwwwwwww
wwwwwwwwwwwwwwwwww,wwwwwwwwwwwww
ww,wwwwwwwwwwwwwwwwwwww,wwwwwwww
wwwwwwwwwwwwwwwww,wwwwwwwwwwwwww
wwwwwwwwwwwwwwwwwwwwwwwwwwwwwwww
wwwwwwwwwwwwwwwwwwwwwwwwwww,wwww
wwwwwwwww,wwwwwwwwwwwwwwwwwwwwww
wwwwwwwwwwwwwwwwwwwwwwwwwwwwwwww
www,wwwwwwwwwwwwwwwwwwwwwwwwwwww
wwwwwwwwwwwwwwwww,,wwwwwwwwwwwww
wwwwwwwwwwwwwwwwwwwwwwwwwwwwwwww
wwwwwwwwwwwwww,wwwwwwwwwwwwwwwww
wwwwwwwwwwwwwwwwwwwwwwwwwwwwwwww
wwwwwwwwwwww,wwwwwwwwwwwwwwwwwww
wwwwww,wwwwww,wwwwwwwwwwwwwwwwww
wwwwwwwwwwwwwwwww,wwwwwwwwwwwwww
wwwwwwww,wwwwwwwwwwwwwwwwwwwwwww
wwwwwwwwwwwwwwwwwwwwwwwwwwwwwwww
wwwwwwwwwwwwwwwwwwwwwwwwwwwwwww,
wwwwwwwwwwwwwwwwwwwwwwwwwwwwwwww
wwwwwwwwwwwwwwwwwwwwwwwwwwwwwwww
wwwwwwwwwwwwwwwwwwwwwwwwwwwwwwww
wwwwww,wwwwwwwwwwwwwwwwwwwwwwwww
wwwwwwwwwwwwwwwwww,wwwwwwwwwwwww
wwwwwwwwwwwwwwwwwwwwwwwwwwwwwwww
wwwwwwwwwwwwwwwwwwwwwwwwwwwwwwww
wwwwwwwwwwwwwwwwwwwwwwwwwwwwwwww
wwwwwwwwwwwwww,wwwwwwwwwwwwwwwww
wwwwwwwwww,wwwwwwwwwwwwwwwwwwwww
wwwwww,ww,ww,wwwwwwwwwwwwwwwwwww
,wwwwwwwwwwwwwwwwwwwwwwwwwwwwwww
